    -> 'DROP' is not recognized as an internal or external command,
    -> operable program or batch file.
    -> 
    -> USE btvqhj0fvvfga3aibazw;
ERROR 1064 (42000): You have an error in your SQL syntax; check the manual that corresponds to your MySQL server version for the right syntax to use near 'itHub\Deploy-Apps
'DROP' is not recognized as an internal or external command,
o' at line 1
mysql> DROP TABLE IF EXISTS `items`;
Query OK, 0 rows affected, 1 warning (0.07 sec)

mysql> SHOW TABLES;
Empty set (0.08 sec)

mysql> SHOW TABLES;
Empty set (0.07 sec)

mysql> DROP TABLE IF EXISTS `items`;
Query OK, 0 rows affected, 1 warning (0.07 sec)

mysql> DROP TABLE IF EXISTS `Items`;
Query OK, 0 rows affected, 1 warning (0.08 sec)

mysql> SELECT RELEASE_LOCK('__ToDoDB_EFMigrationsLock');
+-------------------------------------------+
| RELEASE_LOCK('__ToDoDB_EFMigrationsLock') |
+-------------------------------------------+
|                                      NULL |
+-------------------------------------------+
1 row in set (0.07 sec)

mysql> DROP TABLE IF EXISTS items;
Query OK, 0 rows affected, 1 warning (0.07 sec)

mysql> DROP TABLE IF EXISTS Items;
Query OK, 0 rows affected, 1 warning (0.07 sec)

mysql> DROP TABLE IF EXISTS items;
Query OK, 0 rows affected, 1 warning (0.07 sec)

mysql> DROP TABLE IF EXISTS Items;
Query OK, 0 rows affected, 1 warning (0.08 sec)

mysql> DROP TABLE IF EXISTS items;
Query OK, 0 rows affected, 1 warning (0.07 sec)

mysql> DROP TABLE IF EXISTS items;
ERROR 2013 (HY000): Lost connection to MySQL server during query
No connection. Trying to reconnect...
Connection id:    419298
Current database: btvqhj0fvvfga3aibazw

Query OK, 0 rows affected, 1 warning (4.69 sec)

mysql> DROP TABLE IF EXISTS Items;
Query OK, 0 rows affected, 1 warning (0.07 sec)

mysql> DROP TABLE IF EXISTS Items;
Query OK, 0 rows affected, 1 warning (0.08 sec)

mysql> DROP TABLE IF EXISTS `Items`;
Query OK, 0 rows affected, 1 warning (0.07 sec)

mysql> SHOW TABLES;
Empty set (0.08 sec)

mysql> SELECT * FROM `__EFMigrationsHistory`;
ERROR 1146 (42S02): Table 'btvqhj0fvvfga3aibazw.__EFMigrationsHistory' doesn't exist
mysql> SHOW TABLES;
Empty set (0.07 sec)

mysql> systemctl status mysql   # בלינוקס
    -> net start MySQL          # בחלונות (אם הותקן כשירות)
    -> net start MySQL
    -> Terminal close -- exit!
